     1                                    org 0x7c00
     2                                    %include "FAT flags.inc" ; leave space for fat32 metadata and add flags for it
     1 00000000 EB58                <1>   jmp short boot_start ; first 3 bytes are for jumping to the main code
     2 00000002 00                  <1>   db 0 ; but only 2 bytes are used to jump so a 0 must be used to pad
     3                              <1> 
     4                              <1> ; add name to drive
     5                              <1> 
     6                              <1> os_name: ; bytes 3-10 (8 bytes)
     7 00000003 52504E302E302E30    <1>   db "RPN0.0.0"
     8                              <1> 
     9                              <1> ; reserve space for FAT32 information and add labels for easy access during boot
    10                              <1> 
    11                              <1> bytes_per_sector: ; bytes 11-12 (2 bytes)
    12 0000000B 0000                <1>   dw 0
    13                              <1> sectors_per_cluster: ; byte 13
    14 0000000D 00                  <1>   db 0
    15                              <1> reserved_sector_count: ; bytes 14-15 (2 bytes)
    16 0000000E 0000                <1>   dw 0
    17                              <1> number_of_FATs: ; byte 16
    18 00000010 00                  <1>   db 0
    19                              <1> root_entry_count: ; bytes 17-18 (2 bytes)
    20 00000011 0000                <1>   dw 0
    21                              <1> total_sectors_16_bit: ; bytes 19-20
    22 00000013 0000                <1>   dw 0
    23                              <1> media_descriptor: ; byte 21
    24 00000015 00                  <1>   db 0
    25                              <1> FAT_size_16_bit: ; bytes 22-23 (2 bytes)
    26 00000016 0000                <1>   dw 0
    27                              <1> sectors_per_track: ; bytes 24-25 (2 bytes)
    28 00000018 0000                <1>   dw 0
    29                              <1> numbers_of_heads: ; bytes 26-27 (2 bytes)
    30 0000001A 0000                <1>   dw 0
    31                              <1> hidden_sectors_number: ; bytes 28-31 (4 bytes)
    32 0000001C 00000000            <1>   dd 0
    33                              <1> total_sectors_32_bit: ; bytes 32-35 (4 bytes)
    34 00000020 00000000            <1>   dd 0
    35                              <1> FAT_size_32_bit: ; bytes 36-39 (4 bytes)
    36 00000024 00000000            <1>   dd 0
    37                              <1> extended_flags: ; bytes 40-41 (2 bytes)
    38 00000028 0000                <1>   dw 0
    39                              <1> fs_version: ; bytes 42-43 (2 bytes)
    40 0000002A 0000                <1>   dw 0
    41                              <1> root_cluster_number: ; bytes 44-47 (4 bytes)
    42 0000002C 00000000            <1>   dd 0
    43                              <1> fsinfo_sector_number: ; bytes 48-49 (2 bytes)
    44 00000030 0000                <1>   dw 0
    45                              <1> backup_boot_sector: ; bytes 50-51 (2 bytes)
    46 00000032 0000                <1>   dw 0
    47                              <1> reserved: ; bytes 52-63 (12 bytes)
    48 00000034 000000000000000000- <1>   dd 0,0,0
    48 0000003D 000000              <1>
    49                              <1> drive_number: ; byte 64
    50 00000040 00                  <1>   db 0
    51                              <1> windowsNT_reserved: ; byte 65
    52 00000041 00                  <1>   db 0
    53                              <1> boot_signature: ; byte 66
    54 00000042 00                  <1>   db 0
    55                              <1> volume_id: ; bytes 67-70 (4 bytes)
    56 00000043 00000000            <1>   dd 0
    57                              <1> volume_label: ; bytes 71-81 (11 bytes)
    58 00000047 0000000000000000    <1>   dd 0,0
    59 0000004F 000000              <1>   db 0,0,0
    60                              <1> file_system_type: ; bytes 82-89
    61 00000052 0000000000000000    <1>   dd 0,0
     3                                  
     4                                  boot_start:
     5 0000005A 6631C0                    xor eax, eax
     6 0000005D 6689C2                    mov edx, eax
     7 00000060 8ED8                      mov ds, ax
     8 00000062 8EC0                      mov es, ax
     9 00000064 8ED0                      mov ss, ax
    10 00000066 BC007C                    mov sp, 0x7c00
    11                                  
    12 00000069 660FB606[1000]            movzx eax, byte [number_of_FATs]
    13 0000006F 660FAF06[2400]            imul eax, dword [FAT_size_32_bit]
    14 00000075 660FB716[0E00]            movzx edx, word [reserved_sector_count]
    15 0000007B 6601D0                    add eax, edx
    16 0000007E 66A3[5301]                mov dword [data_region_start], eax
    17 00000082 66A3[4B01]                mov dword [sector_start], eax
    18 00000086 66C706[4F01]000000-       mov dword [sector_start+4], 0
    18 0000008E 00                 
    19                                  
    20                                  load_next_sector:
    21 0000008F 31C0                      xor ax, ax
    22 00000091 8ED8                      mov ds, ax
    23 00000093 BE[4301]                  mov si, DAP
    24 00000096 B442                      mov ah, 0x42
    25 00000098 B280                      mov dl, 0x80
    26 0000009A CD13                      int 0x13
    27 0000009C 0F829F00                  jc read_error ;
    28 000000A0 31C9                      xor cx, cx
    29                                  
    30                                  parse:
    31 000000A2 31DB                      xor bx, bx
    32 000000A4 01CB                      add bx, cx
    33 000000A6 81C3007E                  add bx, 0x7e00
    34 000000AA 833F00                    cmp [bx], 0x00 ; end of directory
    35 000000AD 0F849000                  je boot_not_found
    36 000000B1 803FE5                    cmp [bx], 0xE5 ; file deleted
    37 000000B4 747C                      je next_file
    38 000000B6 83C30B                    add bx, 11
    39 000000B9 8A27                      mov ah, [bx]
    40 000000BB F6C410                    test ah, 0x10 ; is a directory so cannot be the boot file
    41 000000BE 7572                      jne next_file
    42 000000C0 83EB0B                    sub bx, 11
    43 000000C3 BE[5701]                  mov si, target_name
    44 000000C6 B600                      mov dh,0
    45                                  
    46                                    char_loop:
    47 000000C8 8A17                      mov dl, [bx]
    48 000000CA 3A5401                    cmp dl,[si+1]
    49 000000CD 7563                      jne next_file
    50 000000CF 43                        inc bx
    51 000000D0 46                        inc si
    52 000000D1 FEC6                      inc dh
    53 000000D3 80FE0B                    cmp dh, 11
    54 000000D6 75F0                      jne char_loop
    55                                  
    56                                  found:
    57 000000D8 83EB0B                    sub bx, 11
    58 000000DB 660FB74714                movzx eax, word [bx+20]
    59 000000E0 66C1E010                  shl eax, 16
    60 000000E4 8B471A                    mov ax, word [bx+26]
    61 000000E7 66A3[6301]                mov [boot_cluster_start], eax
    62 000000EB 6683E802                  sub eax, 2
    63 000000EF 660306[5301]              add eax, [data_region_start]
    64 000000F4 66A3[4B01]                mov [sector_start], eax
    65 000000F8 C606[4F01]00              mov [sector_start+4], 0
    66                                  
    67 000000FD 668B471C                  mov eax, dword [bx+28]
    68 00000101 66A3[6701]                mov [boot_size], eax
    69 00000105 66BA00000000              mov edx, 0
    70 0000010B 66B900020000              mov ecx, 512
    71 00000111 66F7F1                    div ecx
    72 00000114 6640                      inc eax
    73 00000116 66A3[4501]                mov [sector_count], eax
    74                                    
    75                                  load_stage_2:
    76 0000011A B8007E                    mov ax, 0x7e00
    77 0000011D A3[4701]                  mov [load_to], ax
    78 00000120 B442                      mov ah, 0x42
    79 00000122 B280                      mov dl, 0x80
    80 00000124 BE[4301]                  mov si, DAP
    81 00000127 CD13                      int 0x13
    82 00000129 E9(007E)                  jmp 0x7e00
    83                                  
    84                                  error:
    85 0000012C B40E                      mov ah, 0x0e
    86 0000012E B045                      mov al, 'E'
    87 00000130 CD10                      int 0x10
    88                                  
    89                                  next_file:
    90 00000132 83C120                    add cx, 32
    91 00000135 E96AFF                    jmp parse
    92                                  
    93                                  next_sector:
    94 00000138 FE06[4B01]                inc [sector_start]
    95 0000013C E950FF                    jmp load_next_sector
    96                                  
    97                                  read_error:
    98 0000013F EBFE                      jmp $
    99                                  
   100                                  boot_not_found:
   101 00000141 EBFE                      jmp $
   102                                  
   103                                  
   104                                  DAP:
   105 00000143 10                        db 0x10 ; length of dap
   106 00000144 00                        db 0x00 ; 0 for random reason
   107 00000145 0100                      sector_count dw 1 ; load 1 sector
   108 00000147 007E0000                  load_to dd 0x00007e00 ; load it directly after the mbr in memory
   109 0000014B 0000000000000000          sector_start dq 0 ; which sector to load
   110                                  
   111                                  data_define:
   112 00000153 00000000                  data_region_start dd 0
   113 00000157 20424F4F5420202020-       target_name db ' BOOT    BIN' ; yes for some reason the space at the start is required
   113 00000160 42494E             
   114 00000163 00000000                  boot_cluster_start dd 0
   115 00000167 00000000                  boot_size dd 0
   116 0000016B 00000000                  t1 dd 0
   117 0000016F 00000000                  t2 dd 0
   118 00000173 00<rep 8Bh>               times 510-($-$$) db 0
   119 000001FE 55AA                      dw 0xAA55
